---
source: crates/ark/src/lsp/folding_range.rs
expression: "test_folding_range(\"\nfunction() { return 1 }\n\nfunction() {\n  return 2\n}\")"
---
[
    FoldingRange {
        start_line: 3,
        start_character: Some(
            11,
        ),
        end_line: 4,
        end_character: None,
        kind: Some(
            Region,
        ),
        collapsed_text: None,
    },
    FoldingRange {
        start_line: 3,
        start_character: None,
        end_line: 4,
        end_character: None,
        kind: Some(
            Region,
        ),
        collapsed_text: None,
    },
]
