---
source: crates/ark/src/lsp/folding_range.rs
expression: "test_folding_range(\"\n# Section ----\na\n\nb\nc\n\n# Section ----\nd\n\")"
---
[
    FoldingRange {
        start_line: 1,
        start_character: None,
        end_line: 5,
        end_character: None,
        kind: Some(
            Region,
        ),
        collapsed_text: None,
    },
    FoldingRange {
        start_line: 7,
        start_character: None,
        end_line: 8,
        end_character: None,
        kind: Some(
            Region,
        ),
        collapsed_text: None,
    },
]
