---
source: crates/ark/src/lsp/folding_range.rs
expression: "test_folding_range(\"\n# %% First cell\nx <- 1\ny <- 2\n\n# %% Second cell\nz <- x + y\n\n# %% Third cell\nplot(z)\")"
---
[
    FoldingRange {
        start_line: 1,
        start_character: None,
        end_line: 4,
        end_character: None,
        kind: Some(
            Region,
        ),
        collapsed_text: None,
    },
    FoldingRange {
        start_line: 5,
        start_character: None,
        end_line: 7,
        end_character: None,
        kind: Some(
            Region,
        ),
        collapsed_text: None,
    },
    FoldingRange {
        start_line: 8,
        start_character: None,
        end_line: 8,
        end_character: None,
        kind: Some(
            Region,
        ),
        collapsed_text: None,
    },
]
