---
source: crates/ark/src/lsp/indexer.rs
expression: entries
---
[
    IndexEntry {
        key: "x",
        range: Range {
            start: Position {
                line: 1,
                character: 0,
            },
            end: Position {
                line: 1,
                character: 1,
            },
        },
        data: Variable {
            name: "x",
        },
    },
    IndexEntry {
        key: "y",
        range: Range {
            start: Position {
                line: 2,
                character: 0,
            },
            end: Position {
                line: 2,
                character: 1,
            },
        },
        data: Variable {
            name: "y",
        },
    },
]
