---
source: crates/oak_db/src/tests/resolver_boundary.rs
assertion_line: 66
description: "Each line is one prohibited form rejected in the resolver probes or an actual recovery helper. Line numbers shift when those files are edited. A NEW or MISSING line means the boundary itself changed and needs review, not a blind `cargo insta accept`."
expression: "lines.join(\"\\n\")"
---
crates/oak_db/src/file.rs:401:33: error[E0308]: mismatched types: expected trait `Db`, found trait `SourceDb`
crates/oak_db/src/file.rs:403:22: error[E0308]: mismatched types: expected trait `Db`, found trait `SourceDb`
crates/oak_db/src/file_imports.rs:531:36: error[E0308]: mismatched types: expected trait `Db`, found trait `SourceDb`
crates/oak_db/src/file_imports.rs:700:39: error[E0308]: mismatched types: expected trait `Db`, found trait `SourceDb`
crates/oak_db/src/imports/resolver_probe.rs:22:42: error[E0308]: mismatched types: expected `&dyn Db`, found `ResolverDb<'_>`
crates/oak_db/src/imports/resolver_probe.rs:27:39: error[E0308]: mismatched types: expected `&dyn Db`, found `ResolverDb<'_>`
crates/oak_db/src/imports/resolver_probe.rs:32:35: error[E0308]: mismatched types: expected `&dyn Db`, found `ResolverDb<'_>`
crates/oak_db/src/imports/resolver_probe.rs:37:26: error[E0308]: mismatched types: expected `&dyn Db`, found `ResolverDb<'_>`
crates/oak_db/src/imports/resolver_probe.rs:42:34: error[E0616]: field `db` of struct `ResolverDb` is private: private field
crates/oak_db/src/imports/resolver_probe.rs:47:35: error[E0308]: mismatched types: expected trait `Db`, found trait `SourceDb`
crates/oak_db/src/imports/resolver_probe.rs:52:45: error[E0308]: mismatched types: expected trait `Db`, found trait `SourceDb`
crates/oak_db/src/imports/resolver_probe.rs:59:32: error[E0308]: mismatched types: expected trait `Db`, found trait `SourceDb`
crates/oak_db/src/imports/resolver_probe.rs:64:26: error[E0308]: mismatched types: expected trait `Db`, found trait `SourceDb`
crates/oak_db/src/load_context.rs:100:33: error[E0308]: mismatched types: expected trait `Db`, found trait `SourceDb`
