---
source: crates/ark/src/console_annotate.rs
expression: result
---
#line 4 "file:///test.R"
{
0
base::.ark_auto_step(base::.ark_breakpoint(browser(), "file:///test.R", "1"))
#line 6 "file:///test.R"
1
base::.ark_auto_step(base::.ark_verify_breakpoints_range("file:///test.R", 6L, 7L))
#line 7 "file:///test.R"
2
}
