---
source: crates/ark/src/console_annotate.rs
expression: result
---
{
#line 1 "file:///test.R"
x <- 1
base::.ark_auto_step(base::.ark_verify_breakpoints_range("file:///test.R", 1L, 2L))
#line 2 "file:///test.R"
y <- 2
base::.ark_auto_step(base::.ark_verify_breakpoints_range("file:///test.R", 2L, 3L))
}
