---
source: crates/ark/src/console_annotate.rs
expression: result
---
{
base::.ark_auto_step(base::.ark_breakpoint(browser(), "file:///test.R", "1"))
#line 1 "file:///test.R"
x <- 1
base::.ark_auto_step(base::.ark_verify_breakpoints_range("file:///test.R", 1L, 2L))
#line 2 "file:///test.R"
y <- 2
base::.ark_auto_step(base::.ark_breakpoint(browser(), "file:///test.R", "2"))
#line 3 "file:///test.R"
z <- 3
}
base::.ark_auto_step(base::.ark_verify_breakpoints_range("file:///test.R", 1L, 4L))
