---
source: crates/ark/src/console_annotate.rs
expression: result
---
{
base::.ark_auto_step(base::.ark_breakpoint(browser(), "file:///test.R", "1"))
#line 1 "file:///test.R"
{
  1
  2
}
base::.ark_auto_step(base::.ark_verify_breakpoints_range("file:///test.R", 1L, 5L))

#line 6 "file:///test.R"
2
}
base::.ark_auto_step(base::.ark_verify_breakpoints_range("file:///test.R", 1L, 7L))
